[www.supremenewyork.com/news/764/images7b93.html]
[backblue.gif]
[fade.gif]
[index.html]
[assets.supremenewyork.com/images/apple-touch-icon-57x57.png]
[assets.supremenewyork.com/images/apple-touch-icon-114x114.png]
[assets.supremenewyork.com/images/apple-touch-icon-72x72.png]
[assets.supremenewyork.com/images/apple-touch-icon-144x144.png]
[assets.supremenewyork.com/images/apple-touch-icon-60x60.png]
[assets.supremenewyork.com/images/apple-touch-icon-120x120.png]
[assets.supremenewyork.com/images/apple-touch-icon-76x76.png]
[assets.supremenewyork.com/images/apple-touch-icon-152x152.png]
[assets.supremenewyork.com/images/favicon-196x196.png]
[assets.supremenewyork.com/images/favicon-96x96.png]
[assets.supremenewyork.com/images/favicon-32x32.png]
[assets.supremenewyork.com/images/favicon-16x16.png]
[assets.supremenewyork.com/images/favicon-128.png]
[d17ol771963kd3.cloudfront.net/assets/application-a6405f140863c44c02ecfef9fdc4e173.css]
[hcaptcha.com/1/api2888.js]
[www.supremenewyork.com/twp.js]
[assets.supremenewyork.com/179401/zo/f4uJLU2lEUs.jpg]
[www.supremenewyork.com/news/764/images7b93.html]
[d17ol771963kd3.cloudfront.net/assets/visa-cvv-e245507f2f2f7a50be6ef325aa67beea.gif]
[d17ol771963kd3.cloudfront.net/assets/amex_cvv-3e8c16d12496b0fb399670d3a969f051.gif]
[d17ol771963kd3.cloudfront.net/assets/checkbox/minimal-efec8d33f139f5372581744286f114ad.png]
[services.postcodeanywhere.co.uk/images/flags16x16.png]
[d17ol771963kd3.cloudfront.net/assets/application-a6405f140863c44c02ecfef9fdc4e173.css]
[d17ol771963kd3.cloudfront.net/assets/application-7e5af0ba861beca87e21e0494646ae98.js]
[www.supremenewyork.com/news/764/images4259]
[www.supremenewyork.com/news/764/images3554]
